<?xml version="1.0" encoding="UTF-8"?>
<!DOCTYPE html PUBLIC "-//W3C//dtd xhtml 1.0 transitional//EN" "http://www.w3.org/TR/xhtml1/dtd/xhtml1-transitional.dtd"><html xmlns="http://www.w3.org/1999/xhtml"><head><title>Publimap: XSL de test</title><meta http-equiv="Content-Type" content="text/html; charset=UTF-8"/><style type="text/css" media="screen,print">

*       {font-size: 10pt; font-family: tahoma;}
h1      {font-size: 11pt;}
table, td, th
        {border: solid #888 1px;}
th      {background-color: #ccc;}
td, th  {padding: 0px 8px;}
.ok, .ko
        {text-align: center;}
.ok     {color: green;}
.ko     {color: red;}
.debug  {color: red; font-family: "lucida console";}
.dossier
        {font-weight: bold;}

    </style></head><body><h1>Publimap: XSL de test</h1><table cellspacing="0" cellpadding="0"><thead><tr><th>Param√®tre</th><th>valeur</th></tr></thead><tbody><tr><td>$param1</td><td>PARAM_1</td></tr><tr><td>$param2</td><td>PARAM_2</td></tr><tr><td>$param3</td><td>PARAM_3</td></tr></tbody></table></body></html>